// Jest Snapshot v1, https://goo.gl/fbAQLP

exports[`should render component LoginPage correctly 1`] = `
<div
  className="box-layout"
>
  <div
    className="box-layout__box"
  >
    <h1
      className="box-layout__title"
    >
      Expensify
    </h1>
    <p
      className="box-layout__message"
    >
      "Money is a terrible master but an excellent servant." â€“ P.T. Barnum.
    </p>
    <button
      className="button"
    >
       Login with Google
    </button>
  </div>
</div>
`;
